components/ErrorBoundary.tsx(55,21): error TS2339: Property 'props' does not exist on type 'ErrorBoundary'.
screens/CategoryPage.tsx(566,37): error TS2339: Property 'split' does not exist on type 'unknown'.
